// Jest Snapshot v1, https://goo.gl/fbAQLP

exports[`App ProductItem Test get default ProductItem no params  1`] = `
Object {
  "asFragment": [Function],
  "baseElement": .c0 {
  position: relative;
  height: 335px;
  width: 100%;
}

.c1 {
  cursor: pointer;
  will-change: transform,opacity;
  position: absolute;
  height: 100%;
  width: 100%;
  z-index: 2;
  position: absolute;
}

.c13 {
  cursor: pointer;
  will-change: transform,opacity;
  position: absolute;
  height: 100%;
  width: 100%;
  z-index: 0;
  position: absolute;
}

.c3 {
  display: -webkit-box;
  display: -webkit-flex;
  display: -ms-flexbox;
  display: flex;
  -webkit-flex-direction: column;
  -ms-flex-direction: column;
  flex-direction: column;
  min-height: 335px;
  -webkit-box-pack: justify;
  -webkit-justify-content: space-between;
  -ms-flex-pack: justify;
  justify-content: space-between;
}

.c4 {
  display: -webkit-box;
  display: -webkit-flex;
  display: -ms-flexbox;
  display: flex;
  padding: 12px;
  -webkit-flex-direction: column;
  -ms-flex-direction: column;
  flex-direction: column;
}

.c5 {
  position: relative;
  margin-bottom: 8px;
}

.c6 {
  position: absolute;
  top: 0;
  left: 0;
}

.c8 {
  background-image: url(mock.png);
  background-size: contain;
  background-position: center;
  min-height: 165px;
  background-repeat: no-repeat;
}

.c9 {
  display: -webkit-box;
  display: -webkit-flex;
  display: -ms-flexbox;
  display: flex;
  -webkit-align-items: center;
  -webkit-box-align: center;
  -ms-flex-align: center;
  align-items: center;
  -webkit-flex-direction: column;
  -ms-flex-direction: column;
  flex-direction: column;
  padding: 12px 0;
}

.c11 {
  display: -webkit-box;
  display: -webkit-flex;
  display: -ms-flexbox;
  display: flex;
  -webkit-box-pack: center;
  -webkit-justify-content: center;
  -ms-flex-pack: center;
  justify-content: center;
  -webkit-align-items: center;
  -webkit-box-align: center;
  -ms-flex-align: center;
  align-items: center;
  padding: 8px;
}

.c10 {
  font-size: 16px !important;
  line-height: 1.5 !important;
  font-family: 'Montserrat Alternates' !important;
  font-weight: bold !important;
}

.c15 {
  font-size: 24px !important;
  line-height: 1.5 !important;
  font-family: 'Montserrat Alternates' !important;
  font-weight: bold !important;
}

.c12 {
  margin-top: auto;
  min-width: 90px !important;
  min-height: 36px !important;
  font-size: 12px;
  border-radius: 24px;
}

.c21 {
  min-width: 90px !important;
  min-height: 36px !important;
  font-size: 12px;
  border-radius: 24px;
}

.c7 {
  background-color: #F62F5E;
  color: #fff;
  font-size: 18px;
  text-align: center;
  min-width: 60px;
  height: 30px;
  display: inline-block;
  line-height: 30px;
  padding: 0 8px;
  margin: 0 8px;
}

.c2 {
  cursor: pointer;
  will-change: transform,opacity;
  box-shadow: 0 1px 1px 0 rgba(0,0,0,0.2);
  min-height: 335px;
  padding: 8px;
}

.c2:hover {
  box-shadow: 0 20px 40px 0 rgba(0,0,0,0.3);
}

.c20 {
  padding: 8px;
  display: -webkit-box;
  display: -webkit-flex;
  display: -ms-flexbox;
  display: flex;
  -webkit-box-pack: center;
  -webkit-justify-content: center;
  -ms-flex-pack: center;
  justify-content: center;
  width: 100%;
  display: -webkit-box;
  display: -webkit-flex;
  display: -ms-flexbox;
  display: flex;
}

.c23 {
  position: absolute;
  top: 8px;
  right: 8px;
}

.c17 {
  color: #F62F5E !important;
}

.c17 svg:first-child {
  -webkit-transform: scale(1);
  -ms-transform: scale(1);
  transform: scale(1);
  -webkit-transition: -webkit-transform 150ms cubic-bezier(0.4,0,1,1) 0ms;
  -webkit-transition: transform 150ms cubic-bezier(0.4,0,1,1) 0ms;
  transition: transform 150ms cubic-bezier(0.4,0,1,1) 0ms;
}

.c17 svg:last-child {
  -webkit-transform: scale(1);
  -ms-transform: scale(1);
  transform: scale(1);
}

.c18 {
  color: #00D3CA !important;
}

.c18 svg:first-child {
  -webkit-transform: scale(0);
  -ms-transform: scale(0);
  transform: scale(0);
  -webkit-transition: -webkit-transform 150ms cubic-bezier(0.4,0,1,1) 0ms;
  -webkit-transition: transform 150ms cubic-bezier(0.4,0,1,1) 0ms;
  transition: transform 150ms cubic-bezier(0.4,0,1,1) 0ms;
}

.c18 svg:last-child {
  -webkit-transform: scale(1);
  -ms-transform: scale(1);
  transform: scale(1);
}

.c19 {
  color: #6EB2FB !important;
}

.c19 svg:first-child {
  -webkit-transform: scale(0);
  -ms-transform: scale(0);
  transform: scale(0);
  -webkit-transition: -webkit-transform 150ms cubic-bezier(0.4,0,1,1) 0ms;
  -webkit-transition: transform 150ms cubic-bezier(0.4,0,1,1) 0ms;
  transition: transform 150ms cubic-bezier(0.4,0,1,1) 0ms;
}

.c19 svg:last-child {
  -webkit-transform: scale(1);
  -ms-transform: scale(1);
  transform: scale(1);
}

.c14 {
  display: -webkit-box;
  display: -webkit-flex;
  display: -ms-flexbox;
  display: flex;
  padding: 12px;
  -webkit-flex-direction: column;
  -ms-flex-direction: column;
  flex-direction: column;
  -webkit-align-items: center;
  -webkit-box-align: center;
  -ms-flex-align: center;
  align-items: center;
}

.c16 {
  display: -webkit-box;
  display: -webkit-flex;
  display: -ms-flexbox;
  display: flex;
  margin: 16px 0;
  -webkit-align-items: center;
  -webkit-box-align: center;
  -ms-flex-align: center;
  align-items: center;
  -webkit-flex-direction: column;
  -ms-flex-direction: column;
  flex-direction: column;
}

.c22 {
  background-image: url(mock.png);
  background-size: contain;
  background-position: center;
  min-height: 165px;
  background-repeat: no-repeat;
  position: absolute;
  height: 100%;
  width: 100%;
  z-index: -2;
  opacity: 0.4;
  top: 0;
}

<body>
    <div>
      <div
        class="c0"
      >
        <div
          class="c1"
          opacity="1"
          style="opacity: 1; transform: perspective(600px) rotateY(0deg);"
          transform="perspective(600px) rotateY(0deg)"
          z-index="2"
        >
          <div
            class="c2"
          >
            <div
              class="c3"
            >
              <div
                class="c4"
              >
                <div
                  class="c5"
                >
                  <div
                    class="c6"
                  >
                    <div
                      class="c7"
                      color="#F62F5E"
                    >
                      <span>
                        HOT
                      </span>
                    </div>
                  </div>
                  <div
                    class="c8"
                  />
                </div>
                <div
                  class="c9"
                >
                  <p
                    class="MuiTypography-root c10 MuiTypography-body1 MuiTypography-alignCenter"
                    customvariant="header3"
                    data-testid="product-item-info-name"
                  />
                  <p
                    class="MuiTypography-root c10 MuiTypography-body1 MuiTypography-colorError"
                    customvariant="header3"
                  />
                </div>
              </div>
              <div
                class="c11"
              >
                <button
                  class="MuiButtonBase-root MuiButton-root MuiButton-contained c12 MuiButton-containedPrimary MuiButton-containedSizeSmall MuiButton-sizeSmall"
                  data-testid="product-item-info-buy-btn"
                  mt="auto"
                  tabindex="0"
                  type="button"
                >
                  <span
                    class="MuiButton-label"
                  >
                    Buy now
                  </span>
                  <span
                    class="MuiTouchRipple-root"
                  />
                </button>
              </div>
            </div>
          </div>
        </div>
        <div
          class="c13"
          opacity="0"
          style="opacity: 0; transform: perspective(600px) rotateY(0deg) rotateY(180deg);"
          transform="perspective(600px) rotateY(0deg) rotateY(180deg)"
          z-index="0"
        >
          <div
            class="c2"
          >
            <div
              class="c14"
            >
              <div
                class=""
              >
                <p
                  class="MuiTypography-root c10 MuiTypography-body1 MuiTypography-alignCenter"
                  customvariant="header3"
                  data-testid="product-item-info-name"
                >
                  this is product name
                </p>
                <p
                  class="MuiTypography-root c15 MuiTypography-body1 MuiTypography-colorError MuiTypography-alignCenter"
                  customvariant="header2"
                />
                <div
                  class="c16"
                >
                  <div
                    class="MuiFormControl-root"
                  >
                    <label
                      class="MuiFormLabel-root MuiInputLabel-root MuiInputLabel-formControl MuiInputLabel-animated MuiInputLabel-shrink MuiInputLabel-outlined MuiFormLabel-filled"
                      data-shrink="true"
                    >
                      Size
                    </label>
                    <div
                      class="MuiInputBase-root MuiOutlinedInput-root MuiInputBase-formControl MuiInputBase-marginDense MuiOutlinedInput-marginDense"
                      data-testid="size-filter-select"
                      style="background-color: white; border-radius: 32px; width: 120px;"
                    >
                      <div
                        aria-haspopup="listbox"
                        aria-labelledby=" "
                        class="MuiSelect-root MuiSelect-select MuiSelect-selectMenu MuiSelect-outlined MuiInputBase-input MuiOutlinedInput-input MuiInputBase-inputSelect MuiOutlinedInput-inputSelect MuiInputBase-inputMarginDense MuiOutlinedInput-inputMarginDense"
                        role="button"
                        tabindex="0"
                      >
                        <p
                          class="MuiTypography-root-133 MuiTypography-body1-135"
                          data-testid="size-filter-M"
                        >
                          M
                        </p>
                      </div>
                      <input
                        type="hidden"
                        value="M"
                      />
                      <svg
                        aria-hidden="true"
                        class="MuiSvgIcon-root MuiSelect-icon MuiSelect-iconOutlined"
                        focusable="false"
                        role="presentation"
                        viewBox="0 0 24 24"
                      >
                        <path
                          d="M7 10l5 5 5-5z"
                        />
                      </svg>
                      <fieldset
                        aria-hidden="true"
                        class="PrivateNotchedOutline-root-176 MuiOutlinedInput-notchedOutline"
                        style="padding-left: 8px;"
                      >
                        <legend
                          class="PrivateNotchedOutline-legend-177"
                          style="width: 0px;"
                        >
                          <span>
                            ​
                          </span>
                        </legend>
                      </fieldset>
                    </div>
                  </div>
                  <div>
                    <span
                      aria-disabled="false"
                      class="MuiButtonBase-root-196 MuiIconButton-root-187 PrivateSwitchBase-root-183 MuiRadio-root-178 MuiRadio-colorPrimary-181 c17 PrivateSwitchBase-checked-184 Mui-checked MuiIconButton-colorPrimary-191"
                      customcolor="red"
                      data-testid="color-filter-red"
                      variant="outer"
                    >
                      <span
                        class="MuiIconButton-label-195"
                      >
                        <input
                          checked=""
                          class="PrivateSwitchBase-input-186"
                          type="radio"
                          value=""
                        />
                        <div
                          class="PrivateRadioButtonIcon-root-199 PrivateRadioButtonIcon-checked-201"
                        >
                          <svg
                            aria-hidden="true"
                            class="MuiSvgIcon-root-202"
                            focusable="false"
                            role="presentation"
                            viewBox="0 0 24 24"
                          >
                            <path
                              d="M12 2C6.48 2 2 6.48 2 12s4.48 10 10 10 10-4.48 10-10S17.52 2 12 2zm0 18c-4.42 0-8-3.58-8-8s3.58-8 8-8 8 3.58 8 8-3.58 8-8 8z"
                            />
                          </svg>
                          <svg
                            aria-hidden="true"
                            class="MuiSvgIcon-root-202 PrivateRadioButtonIcon-layer-200"
                            focusable="false"
                            role="presentation"
                            viewBox="0 0 24 24"
                          >
                            <path
                              d="M8.465 8.465C9.37 7.56 10.62 7 12 7C14.76 7 17 9.24 17 12C17 13.38 16.44 14.63 15.535 15.535C14.63 16.44 13.38 17 12 17C9.24 17 7 14.76 7 12C7 10.62 7.56 9.37 8.465 8.465Z"
                            />
                          </svg>
                        </div>
                      </span>
                      <span
                        class="MuiTouchRipple-root-399"
                      />
                    </span>
                    <span
                      aria-disabled="false"
                      class="MuiButtonBase-root-229 MuiIconButton-root-220 PrivateSwitchBase-root-216 MuiRadio-root-211 MuiRadio-colorPrimary-214 c18 MuiIconButton-colorPrimary-224"
                      customcolor="green"
                      data-testid="color-filter-green"
                      variant="outer"
                    >
                      <span
                        class="MuiIconButton-label-228"
                      >
                        <input
                          class="PrivateSwitchBase-input-219"
                          type="radio"
                          value=""
                        />
                        <div
                          class="PrivateRadioButtonIcon-root-232"
                        >
                          <svg
                            aria-hidden="true"
                            class="MuiSvgIcon-root-235"
                            focusable="false"
                            role="presentation"
                            viewBox="0 0 24 24"
                          >
                            <path
                              d="M12 2C6.48 2 2 6.48 2 12s4.48 10 10 10 10-4.48 10-10S17.52 2 12 2zm0 18c-4.42 0-8-3.58-8-8s3.58-8 8-8 8 3.58 8 8-3.58 8-8 8z"
                            />
                          </svg>
                          <svg
                            aria-hidden="true"
                            class="MuiSvgIcon-root-235 PrivateRadioButtonIcon-layer-233"
                            focusable="false"
                            role="presentation"
                            viewBox="0 0 24 24"
                          >
                            <path
                              d="M8.465 8.465C9.37 7.56 10.62 7 12 7C14.76 7 17 9.24 17 12C17 13.38 16.44 14.63 15.535 15.535C14.63 16.44 13.38 17 12 17C9.24 17 7 14.76 7 12C7 10.62 7.56 9.37 8.465 8.465Z"
                            />
                          </svg>
                        </div>
                      </span>
                      <span
                        class="MuiTouchRipple-root-409"
                      />
                    </span>
                    <span
                      aria-disabled="false"
                      class="MuiButtonBase-root-262 MuiIconButton-root-253 PrivateSwitchBase-root-249 MuiRadio-root-244 MuiRadio-colorPrimary-247 c19 MuiIconButton-colorPrimary-257"
                      customcolor="blue"
                      data-testid="color-filter-blue"
                      variant="outer"
                    >
                      <span
                        class="MuiIconButton-label-261"
                      >
                        <input
                          class="PrivateSwitchBase-input-252"
                          type="radio"
                          value=""
                        />
                        <div
                          class="PrivateRadioButtonIcon-root-265"
                        >
                          <svg
                            aria-hidden="true"
                            class="MuiSvgIcon-root-268"
                            focusable="false"
                            role="presentation"
                            viewBox="0 0 24 24"
                          >
                            <path
                              d="M12 2C6.48 2 2 6.48 2 12s4.48 10 10 10 10-4.48 10-10S17.52 2 12 2zm0 18c-4.42 0-8-3.58-8-8s3.58-8 8-8 8 3.58 8 8-3.58 8-8 8z"
                            />
                          </svg>
                          <svg
                            aria-hidden="true"
                            class="MuiSvgIcon-root-268 PrivateRadioButtonIcon-layer-266"
                            focusable="false"
                            role="presentation"
                            viewBox="0 0 24 24"
                          >
                            <path
                              d="M8.465 8.465C9.37 7.56 10.62 7 12 7C14.76 7 17 9.24 17 12C17 13.38 16.44 14.63 15.535 15.535C14.63 16.44 13.38 17 12 17C9.24 17 7 14.76 7 12C7 10.62 7.56 9.37 8.465 8.465Z"
                            />
                          </svg>
                        </div>
                      </span>
                      <span
                        class="MuiTouchRipple-root-419"
                      />
                    </span>
                  </div>
                </div>
              </div>
              <div
                class=""
              >
                <div
                  class="MuiGrid-root MuiGrid-container MuiGrid-spacing-xs-2"
                >
                  <div
                    class="c20"
                    display="flex"
                    width="100%"
                  >
                    <button
                      class="MuiButtonBase-root MuiButton-root MuiButton-contained c21 MuiButton-containedPrimary MuiButton-containedSizeSmall MuiButton-sizeSmall"
                      data-testid="product-item-buy-btn"
                      tabindex="0"
                      type="button"
                    >
                      <span
                        class="MuiButton-label"
                      >
                        Buy now
                      </span>
                      <span
                        class="MuiTouchRipple-root"
                      />
                    </button>
                  </div>
                  <div
                    class="c20"
                    display="flex"
                    width="100%"
                  >
                    <button
                      class="MuiButtonBase-root MuiButton-root MuiButton-contained c21 MuiButton-containedPrimary MuiButton-containedSizeSmall MuiButton-sizeSmall"
                      tabindex="0"
                      type="button"
                    >
                      <span
                        class="MuiButton-label"
                      >
                        Wishlist
                      </span>
                      <span
                        class="MuiTouchRipple-root"
                      />
                    </button>
                  </div>
                </div>
              </div>
            </div>
            <div
              class="c22"
            />
          </div>
          <div
            class="c23"
          >
            <svg
              aria-hidden="true"
              class="MuiSvgIcon-root"
              data-testid="show-product-info-btn"
              focusable="false"
              role="presentation"
              viewBox="0 0 24 24"
            >
              <path
                d="M19 6.41L17.59 5 12 10.59 6.41 5 5 6.41 10.59 12 5 17.59 6.41 19 12 13.41 17.59 19 19 17.59 13.41 12z"
              />
            </svg>
          </div>
        </div>
      </div>
    </div>
  </body>,
  "container": <div>
    <div
      class="sc-bdVaJa ituqcc"
    >
      <div
        class="sc-bwzfXH ulJSH"
        opacity="1"
        style="opacity: 1; transform: perspective(600px) rotateY(0deg);"
        transform="perspective(600px) rotateY(0deg)"
        z-index="2"
      >
        <div
          class="sc-gqjmRU jzGAax"
        >
          <div
            class="sc-htpNat jpDjNQ"
          >
            <div
              class="sc-bxivhb khTXFb"
            >
              <div
                class="sc-ifAKCX hniYuC"
              >
                <div
                  class="sc-EHOje bwgSAh"
                >
                  <div
                    class="sc-gZMcBi gNIOFs"
                    color="#F62F5E"
                  >
                    <span>
                      HOT
                    </span>
                  </div>
                </div>
                <div
                  class="sc-bZQynM gTinpi"
                />
              </div>
              <div
                class="sc-gzVnrw gKBNBW"
              >
                <p
                  class="MuiTypography-root sc-dnqmqq eyGzyH MuiTypography-body1 MuiTypography-alignCenter"
                  customvariant="header3"
                  data-testid="product-item-info-name"
                />
                <p
                  class="MuiTypography-root sc-dnqmqq eyGzyH MuiTypography-body1 MuiTypography-colorError"
                  customvariant="header3"
                />
              </div>
            </div>
            <div
              class="sc-htoDjs gRJXrI"
            >
              <button
                class="MuiButtonBase-root MuiButton-root MuiButton-contained sc-iwsKbI ediwnP MuiButton-containedPrimary MuiButton-containedSizeSmall MuiButton-sizeSmall"
                data-testid="product-item-info-buy-btn"
                mt="auto"
                tabindex="0"
                type="button"
              >
                <span
                  class="MuiButton-label"
                >
                  Buy now
                </span>
                <span
                  class="MuiTouchRipple-root"
                />
              </button>
            </div>
          </div>
        </div>
      </div>
      <div
        class="sc-bwzfXH kHsjxx"
        opacity="0"
        style="opacity: 0; transform: perspective(600px) rotateY(0deg) rotateY(180deg);"
        transform="perspective(600px) rotateY(0deg) rotateY(180deg)"
        z-index="0"
      >
        <div
          class="sc-gqjmRU jzGAax"
        >
          <div
            class="sc-kAzzGY dxBSUi"
          >
            <div
              class="sc-VigVT bxxuSL"
            >
              <p
                class="MuiTypography-root sc-dnqmqq eyGzyH MuiTypography-body1 MuiTypography-alignCenter"
                customvariant="header3"
                data-testid="product-item-info-name"
              >
                this is product name
              </p>
              <p
                class="MuiTypography-root sc-dnqmqq iwmQnC MuiTypography-body1 MuiTypography-colorError MuiTypography-alignCenter"
                customvariant="header2"
              />
              <div
                class="sc-chPdSV fZBViL"
              >
                <div
                  class="MuiFormControl-root"
                >
                  <label
                    class="MuiFormLabel-root MuiInputLabel-root sc-cSHVUG kdOfkg MuiInputLabel-formControl MuiInputLabel-animated MuiInputLabel-shrink MuiInputLabel-outlined MuiFormLabel-filled"
                    data-shrink="true"
                  >
                    Size
                  </label>
                  <div
                    class="MuiInputBase-root MuiOutlinedInput-root MuiInputBase-formControl MuiInputBase-marginDense MuiOutlinedInput-marginDense"
                    data-testid="size-filter-select"
                    style="background-color: white; border-radius: 32px; width: 120px;"
                  >
                    <div
                      aria-haspopup="listbox"
                      aria-labelledby=" "
                      class="MuiSelect-root MuiSelect-select MuiSelect-selectMenu MuiSelect-outlined MuiInputBase-input MuiOutlinedInput-input MuiInputBase-inputSelect MuiOutlinedInput-inputSelect MuiInputBase-inputMarginDense MuiOutlinedInput-inputMarginDense"
                      role="button"
                      tabindex="0"
                    >
                      <p
                        class="MuiTypography-root-133 sc-dnqmqq iFMLBs MuiTypography-body1-135"
                        data-testid="size-filter-M"
                      >
                        M
                      </p>
                    </div>
                    <input
                      type="hidden"
                      value="M"
                    />
                    <svg
                      aria-hidden="true"
                      class="MuiSvgIcon-root MuiSelect-icon MuiSelect-iconOutlined"
                      focusable="false"
                      role="presentation"
                      viewBox="0 0 24 24"
                    >
                      <path
                        d="M7 10l5 5 5-5z"
                      />
                    </svg>
                    <fieldset
                      aria-hidden="true"
                      class="PrivateNotchedOutline-root-176 MuiOutlinedInput-notchedOutline"
                      style="padding-left: 8px;"
                    >
                      <legend
                        class="PrivateNotchedOutline-legend-177"
                        style="width: 0px;"
                      >
                        <span>
                          ​
                        </span>
                      </legend>
                    </fieldset>
                  </div>
                </div>
                <div>
                  <span
                    aria-disabled="false"
                    class="MuiButtonBase-root-196 MuiIconButton-root-187 PrivateSwitchBase-root-183 MuiRadio-root-178 MuiRadio-colorPrimary-181 sc-jTzLTM cSemml PrivateSwitchBase-checked-184 Mui-checked MuiIconButton-colorPrimary-191"
                    customcolor="red"
                    data-testid="color-filter-red"
                    variant="outer"
                  >
                    <span
                      class="MuiIconButton-label-195"
                    >
                      <input
                        checked=""
                        class="PrivateSwitchBase-input-186"
                        type="radio"
                        value=""
                      />
                      <div
                        class="PrivateRadioButtonIcon-root-199 PrivateRadioButtonIcon-checked-201"
                      >
                        <svg
                          aria-hidden="true"
                          class="MuiSvgIcon-root-202"
                          focusable="false"
                          role="presentation"
                          viewBox="0 0 24 24"
                        >
                          <path
                            d="M12 2C6.48 2 2 6.48 2 12s4.48 10 10 10 10-4.48 10-10S17.52 2 12 2zm0 18c-4.42 0-8-3.58-8-8s3.58-8 8-8 8 3.58 8 8-3.58 8-8 8z"
                          />
                        </svg>
                        <svg
                          aria-hidden="true"
                          class="MuiSvgIcon-root-202 PrivateRadioButtonIcon-layer-200"
                          focusable="false"
                          role="presentation"
                          viewBox="0 0 24 24"
                        >
                          <path
                            d="M8.465 8.465C9.37 7.56 10.62 7 12 7C14.76 7 17 9.24 17 12C17 13.38 16.44 14.63 15.535 15.535C14.63 16.44 13.38 17 12 17C9.24 17 7 14.76 7 12C7 10.62 7.56 9.37 8.465 8.465Z"
                          />
                        </svg>
                      </div>
                    </span>
                    <span
                      class="MuiTouchRipple-root-399"
                    />
                  </span>
                  <span
                    aria-disabled="false"
                    class="MuiButtonBase-root-229 MuiIconButton-root-220 PrivateSwitchBase-root-216 MuiRadio-root-211 MuiRadio-colorPrimary-214 sc-jTzLTM VojIo MuiIconButton-colorPrimary-224"
                    customcolor="green"
                    data-testid="color-filter-green"
                    variant="outer"
                  >
                    <span
                      class="MuiIconButton-label-228"
                    >
                      <input
                        class="PrivateSwitchBase-input-219"
                        type="radio"
                        value=""
                      />
                      <div
                        class="PrivateRadioButtonIcon-root-232"
                      >
                        <svg
                          aria-hidden="true"
                          class="MuiSvgIcon-root-235"
                          focusable="false"
                          role="presentation"
                          viewBox="0 0 24 24"
                        >
                          <path
                            d="M12 2C6.48 2 2 6.48 2 12s4.48 10 10 10 10-4.48 10-10S17.52 2 12 2zm0 18c-4.42 0-8-3.58-8-8s3.58-8 8-8 8 3.58 8 8-3.58 8-8 8z"
                          />
                        </svg>
                        <svg
                          aria-hidden="true"
                          class="MuiSvgIcon-root-235 PrivateRadioButtonIcon-layer-233"
                          focusable="false"
                          role="presentation"
                          viewBox="0 0 24 24"
                        >
                          <path
                            d="M8.465 8.465C9.37 7.56 10.62 7 12 7C14.76 7 17 9.24 17 12C17 13.38 16.44 14.63 15.535 15.535C14.63 16.44 13.38 17 12 17C9.24 17 7 14.76 7 12C7 10.62 7.56 9.37 8.465 8.465Z"
                          />
                        </svg>
                      </div>
                    </span>
                    <span
                      class="MuiTouchRipple-root-409"
                    />
                  </span>
                  <span
                    aria-disabled="false"
                    class="MuiButtonBase-root-262 MuiIconButton-root-253 PrivateSwitchBase-root-249 MuiRadio-root-244 MuiRadio-colorPrimary-247 sc-jTzLTM fcDwbm MuiIconButton-colorPrimary-257"
                    customcolor="blue"
                    data-testid="color-filter-blue"
                    variant="outer"
                  >
                    <span
                      class="MuiIconButton-label-261"
                    >
                      <input
                        class="PrivateSwitchBase-input-252"
                        type="radio"
                        value=""
                      />
                      <div
                        class="PrivateRadioButtonIcon-root-265"
                      >
                        <svg
                          aria-hidden="true"
                          class="MuiSvgIcon-root-268"
                          focusable="false"
                          role="presentation"
                          viewBox="0 0 24 24"
                        >
                          <path
                            d="M12 2C6.48 2 2 6.48 2 12s4.48 10 10 10 10-4.48 10-10S17.52 2 12 2zm0 18c-4.42 0-8-3.58-8-8s3.58-8 8-8 8 3.58 8 8-3.58 8-8 8z"
                          />
                        </svg>
                        <svg
                          aria-hidden="true"
                          class="MuiSvgIcon-root-268 PrivateRadioButtonIcon-layer-266"
                          focusable="false"
                          role="presentation"
                          viewBox="0 0 24 24"
                        >
                          <path
                            d="M8.465 8.465C9.37 7.56 10.62 7 12 7C14.76 7 17 9.24 17 12C17 13.38 16.44 14.63 15.535 15.535C14.63 16.44 13.38 17 12 17C9.24 17 7 14.76 7 12C7 10.62 7.56 9.37 8.465 8.465Z"
                          />
                        </svg>
                      </div>
                    </span>
                    <span
                      class="MuiTouchRipple-root-419"
                    />
                  </span>
                </div>
              </div>
            </div>
            <div
              class="sc-VigVT bxxuSL"
            >
              <div
                class="MuiGrid-root MuiGrid-container MuiGrid-spacing-xs-2"
              >
                <div
                  class="sc-VigVT kJCAQl"
                  display="flex"
                  width="100%"
                >
                  <button
                    class="MuiButtonBase-root MuiButton-root MuiButton-contained sc-iwsKbI eSTNCX MuiButton-containedPrimary MuiButton-containedSizeSmall MuiButton-sizeSmall"
                    data-testid="product-item-buy-btn"
                    tabindex="0"
                    type="button"
                  >
                    <span
                      class="MuiButton-label"
                    >
                      Buy now
                    </span>
                    <span
                      class="MuiTouchRipple-root"
                    />
                  </button>
                </div>
                <div
                  class="sc-VigVT kJCAQl"
                  display="flex"
                  width="100%"
                >
                  <button
                    class="MuiButtonBase-root MuiButton-root MuiButton-contained sc-iwsKbI eSTNCX MuiButton-containedPrimary MuiButton-containedSizeSmall MuiButton-sizeSmall"
                    tabindex="0"
                    type="button"
                  >
                    <span
                      class="MuiButton-label"
                    >
                      Wishlist
                    </span>
                    <span
                      class="MuiTouchRipple-root"
                    />
                  </button>
                </div>
              </div>
            </div>
          </div>
          <div
            class="sc-kGXeez gpsmlv"
          />
        </div>
        <div
          class="sc-VigVT iIUCMy"
        >
          <svg
            aria-hidden="true"
            class="MuiSvgIcon-root"
            data-testid="show-product-info-btn"
            focusable="false"
            role="presentation"
            viewBox="0 0 24 24"
          >
            <path
              d="M19 6.41L17.59 5 12 10.59 6.41 5 5 6.41 10.59 12 5 17.59 6.41 19 12 13.41 17.59 19 19 17.59 13.41 12z"
            />
          </svg>
        </div>
      </div>
    </div>
  </div>,
  "debug": [Function],
  "findAllByAltText": [Function],
  "findAllByDisplayValue": [Function],
  "findAllByLabelText": [Function],
  "findAllByPlaceholderText": [Function],
  "findAllByRole": [Function],
  "findAllByTestId": [Function],
  "findAllByText": [Function],
  "findAllByTitle": [Function],
  "findByAltText": [Function],
  "findByDisplayValue": [Function],
  "findByLabelText": [Function],
  "findByPlaceholderText": [Function],
  "findByRole": [Function],
  "findByTestId": [Function],
  "findByText": [Function],
  "findByTitle": [Function],
  "getAllByAltText": [Function],
  "getAllByDisplayValue": [Function],
  "getAllByLabelText": [Function],
  "getAllByPlaceholderText": [Function],
  "getAllByRole": [Function],
  "getAllByTestId": [Function],
  "getAllByText": [Function],
  "getAllByTitle": [Function],
  "getByAltText": [Function],
  "getByDisplayValue": [Function],
  "getByLabelText": [Function],
  "getByPlaceholderText": [Function],
  "getByRole": [Function],
  "getByTestId": [Function],
  "getByText": [Function],
  "getByTitle": [Function],
  "queryAllByAltText": [Function],
  "queryAllByDisplayValue": [Function],
  "queryAllByLabelText": [Function],
  "queryAllByPlaceholderText": [Function],
  "queryAllByRole": [Function],
  "queryAllByTestId": [Function],
  "queryAllByText": [Function],
  "queryAllByTitle": [Function],
  "queryByAltText": [Function],
  "queryByDisplayValue": [Function],
  "queryByLabelText": [Function],
  "queryByPlaceholderText": [Function],
  "queryByRole": [Function],
  "queryByTestId": [Function],
  "queryByText": [Function],
  "queryByTitle": [Function],
  "rerender": [Function],
  "unmount": [Function],
}
`;

exports[`App ProductItem Test get default ProductItem no params  2`] = `
"Snapshot Diff:
- First value
+ Second value

@@ -1,15 +1,15 @@
  <DocumentFragment>
    <div
      class=\\"sc-bdVaJa ituqcc\\"
    >
      <div
-       class=\\"sc-bwzfXH ulJSH\\"
+       class=\\"sc-bwzfXH kHsjxx\\"
        opacity=\\"1\\"
        style=\\"opacity: 1; transform: perspective(600px) rotateY(0deg);\\"
        transform=\\"perspective(600px) rotateY(0deg)\\"
-       z-index=\\"2\\"
+       z-index=\\"0\\"
      >
        <div
          class=\\"sc-gqjmRU jzGAax\\"
        >
          <div
@@ -73,15 +73,15 @@
            </div>
          </div>
        </div>
      </div>
      <div
-       class=\\"sc-bwzfXH kHsjxx\\"
+       class=\\"sc-bwzfXH ulJSH\\"
        opacity=\\"0\\"
        style=\\"opacity: 0; transform: perspective(600px) rotateY(0deg) rotateY(180deg);\\"
        transform=\\"perspective(600px) rotateY(0deg) rotateY(180deg)\\"
-       z-index=\\"0\\"
+       z-index=\\"2\\"
      >
        <div
          class=\\"sc-gqjmRU jzGAax\\"
        >
          <div"
`;

exports[`App ProductItem Test get default ProductItem no params  3`] = `
"Snapshot Diff:
Compared values have no visual difference."
`;

exports[`App ProductItem Test get default ProductItem no params  4`] = `
"Snapshot Diff:
- First value
+ Second value

@@ -1,15 +1,15 @@
  <DocumentFragment>
    <div
      class=\\"sc-bdVaJa ituqcc\\"
    >
      <div
-       class=\\"sc-bwzfXH ulJSH\\"
+       class=\\"sc-bwzfXH kHsjxx\\"
        opacity=\\"1\\"
        style=\\"opacity: 1; transform: perspective(600px) rotateY(0deg);\\"
        transform=\\"perspective(600px) rotateY(0deg)\\"
-       z-index=\\"2\\"
+       z-index=\\"0\\"
      >
        <div
          class=\\"sc-gqjmRU jzGAax\\"
        >
          <div
@@ -73,15 +73,15 @@
            </div>
          </div>
        </div>
      </div>
      <div
-       class=\\"sc-bwzfXH kHsjxx\\"
+       class=\\"sc-bwzfXH ulJSH\\"
        opacity=\\"0\\"
        style=\\"opacity: 0; transform: perspective(600px) rotateY(0deg) rotateY(180deg);\\"
        transform=\\"perspective(600px) rotateY(0deg) rotateY(180deg)\\"
-       z-index=\\"0\\"
+       z-index=\\"2\\"
      >
        <div
          class=\\"sc-gqjmRU jzGAax\\"
        >
          <div"
`;
